[dotenv@17.2.3] injecting env (4) from .env -- tip: ⚙️  load multiple .env files with { path: ['.env.local', '.env'] }
node : C:\Users\Naman\OneDri
ve\Desktop\roadmap-todo-app\
server\seed\seedTasks.js:3
At line:1 char:1
+ node server.js 2>&1 | 
Tee-Object -FilePath 
error_log.txt
+ ~~~~~~~~~~~~~~~~~~~
    + CategoryInfo          
    : NotSpecified: (C:\Us  
  ers\Naman\...\seedTasks   
 .js:3:String) [], Remot    
eException
    + FullyQualifiedErrorId 
    : NativeCommandError
 
<<<<<<< HEAD
^^

SyntaxError: Unexpected 
token '<<'
    at wrapSafe (node:intern
al/modules/cjs/loader:1620:1
8)
    at Module._compile (node
:internal/modules/cjs/loader
:1662:20)
    at Object..js (node:inte
rnal/modules/cjs/loader:1820
:10)
    at Module.load (node:int
ernal/modules/cjs/loader:142
3:32)
    at Function._load (node:
internal/modules/cjs/loader:
1246:12)
    at 
TracingChannel.traceSync (no
de:diagnostics_channel:322:1
4)
    at wrapModuleLoad (node:
internal/modules/cjs/loader:
235:24)
    at Module.require (node:
internal/modules/cjs/loader:
1445:12)
    at require (node:interna
l/modules/helpers:135:16)
    at Object.<anonymous> (C
:\Users\Naman\OneDrive\Deskt
op\roadmap-todo-app\server\c
ontrollers\authController.js
:4:26)

Node.js v22.18.0
